// Jest Snapshot v1, https://goo.gl/fbAQLP

exports[`RequireClaimsButtons should render buttons that match user claims 1`] = `
Array [
  Object {
    "props": Object {
      "color": "primary",
      "to": "/te/tasks",
    },
    "text": "Tasks",
  },
]
`;
