// Jest Snapshot v1, https://goo.gl/fbAQLP

exports[`flatten should flatten pure object 1`] = `
Object {
  "prefix/root1/second1/leaf1": "string",
  "prefix/root1/second1/leaf2": 108,
  "prefix/root1/second1/timestamp": Object {
    ".sv": "TIMESTAMP",
  },
  "prefix/root2/second2": Array [
    "value1",
    "value2",
    3,
  ],
  "prefix/root3": "value right away",
  "prefix/root4": null,
  "prefix/root5": undefined,
  "prefix/root6": 0,
  "prefix/root7": "",
  "prefix/root8": NaN,
}
`;
